	entry go
	extrn card, print, prout, printm, proutm
	extrn add, sub, mul, div, dr, p1, m1, nrel, numb, symb, cvb, cvd
	extrn opnget, libget, clsget, opnput, libput, clsput
	extrn chartof, ftochar, functab
	extrn br, dg, cp, rp, dgall
	extrn lengw, lengr, first, last, multe
	extrn apply

sep = '\n\n----------------------------------------------------------------\n\n'

go
	= <testIO><sep>+
	<testArithmetic><sep>+
	<testFiles><sep>+
	<testLabels><sep>+
	<testReceptacle><sep>+
	<testLexical>

*------------------------------------------------------------------------------

	empty abc, def

printTestExpr = /abc/(':=()'/25/';'/def/)':=-'/9/

testIO
	= <print<printTestExpr>>'\n'+
	<printm<printTestExpr> >'\n'+
	<prout<printTestExpr>>'\n'+
	<proutm<printTestExpr>>

*------------------------------------------------------------------------------

testArithmetic
	= <cvd <div (<cvb'117465755457585484848974'>) <cvb'57278127'>>>'\n'+
	<cvd<cvb<cvd<cvb'7654474517947641798494'>>>>'\n'+
	<cvb<cvd<cvb<cvd/7654//457465//223522/>>>>'\n'+
	<mul('-'/54//88//63/)/99//65/>'\n'+
	<add(/54//88//63/)'-'/99//65/>'\n'+
	<sub(<cvb'57278127'>)<cvb'117465755457585484848974'>>'\n'+
	<numb '+345'>'\n'+
	<symb '-'/567/>'\n'+
	<dr (/16/)/5/>'\n'+
	<dr (/16/)'-'/5/>'\n'+
	<dr ('-'/16/)/5/>'\n'+
	<dr ('-'/16/)'-'/5/>'\n'

*------------------------------------------------------------------------------

filesTestExpr = 'Hello, Wordl!\n\n'('Refal'('2'))

readFullText
	v1 = v1<readFullText<Libget>>
	=

filename = 'check.txt'

testFiles
	= <opnput<filename>><libput<filesTestExpr>><clsput>+
	<opnget<filename>><readFullText<Libget>><clsget>

*------------------------------------------------------------------------------

testLabels =

*------------------------------------------------------------------------------

testReceptacle
	= <br 'x=aaa'><br '=2'><br 'x='><cp 'x'><dgall>

*------------------------------------------------------------------------------

testLexical
	= <lengw 'length'>'$'<lengw ('length')>'$'<lengw /1/'2'/lengw/()>'$'<lengw>'\n'+
	<lengr 'length'>'$'<lengr ('length')>'$'<lengr /1/'2'/lengw/()>'$'<lengr>'\n'+
	<first /1/'hello'>'$'<first /3/'h'('ell')'o'>'$'<first /0/'expr'>'$'<first /5/'expr'>'\n'+
	<last /1/'hello'>'$'<last /3/'h'('ell')'o'>'$'<last /0/'expr'>'$'<last /5/'expr'>'\n'+
	<multe/1/>'$'<multe/1/'a'>'$'<multe/7/'a'('b')'c'>
