	entry go
	extrn card, print, prout, printm, proutm
	extrn add, sub, mul, div, dr, p1, m1, nrel, numb, symb
	extrn opnget, libget, clsget, opnput, libput, clsput
	extrn chartof, ftochar, functab
	extrn br, dg, cp, rp, dgall
	
	
sep = '\n\n----------------------------------------------------------------\n\n'

go
	= <testIO><sep>+
	<testArithmetic><sep>+
	<testFiles><sep>+
	<testLabels><sep>+
	<testReceptacle>

*------------------------------------------------------------------------------

	empty abc, def

printTestExpr = /abc/(':=()'/25/';'/def/)':=-'/9/

testIO
	= <print<printTestExpr>>'\n'+
	<printm<printTestExpr> >'\n'+
	<prout<printTestExpr>>'\n'+
	<proutm<printTestExpr>>

*------------------------------------------------------------------------------

testArithmetic
	= <numb '+345'>'\n'+
	<symb '-'/567/>'\n'+
	<dr (/16/)/5/>'\n'+
	<dr (/16/)'-'/5/>'\n'+
	<dr ('-'/16/)/5/>'\n'+
	<dr ('-'/16/)'-'/5/>
		

*------------------------------------------------------------------------------

filesTestExpr = 'Hello, Wordl!\n\n'('Refal'('2'))

readFullText
	v1 = v1<readFullText<Libget>>
	=

filename = 'check.txt'

testFiles
	= <opnput<filename>><libput<filesTestExpr>><clsput>+
	<opnget<filename>><readFullText<Libget>><clsget>

*------------------------------------------------------------------------------

testLabels =

*------------------------------------------------------------------------------

testReceptacle
	= <br 'x=aaa'><br '=2'><br 'x='><cp 'x'><dgall>
