 entry go

*-------------------------------------------------

go = <go1>'\n'<go2>'\n'<go3>'\n'<go4>'\n'<go5>

*-------------------------------------------------

go1 = <test14 '4xxx4'>

test11 s1e2s(D)3 = s(('89'))3
test12 s(('89'))3e2s(D)3 = '{'s3'}{'e2'}'
test13 s('abc01234567')3e2s(D)3 = '{'s3'}{'e2'}'
test14 s1e2s(('89')D)3 = '{'s3'}{'e2'}'

*-------------------------------------------------

go2 = <test21 '1+2-3*45/78*1'>'\n\n'+
	<test22 '1+(2-3)*45/78*(1-5)'>'\n\n'+
	<test23 '+++---+-+----+'>

oper S '+-*/'
liter S '0123456789'

test21 e(:oper::liter:)1 = '{'e1'}'
test22 e(:oper::liter:'()')1 = '{'e1'}'
test23 e(('*/'):oper:)1 = '{'e1'}'

*-------------------------------------------------

go3 = <test31 'x7'>'\n'<test32 'ay'>'\n'<test33 '6+'>'\n'

test31 s(L)1s(D)1 = s1; e1 = 'can''t match'
test32 s('abc')1s('xyz')1 = s1; e1 = 'can''t match'
test33 s(:liter:)1s(:oper:)1 = s1; e1 = 'can''t match'

*-------------------------------------------------

 empty abc

go4 = <test41 '132'/abc/'567'>'\n\n'+
	<test42 '132132132132'>'\n\n'+
	<test43 '1235'>'\n'+
	<test43 '12532'>'\n\n'+
	<test44 '1235'>'\n'+
	<test44 '523'>'\n'+
	<test44 '55235'>'\n\n'+
	<test45 '789'>'\n'+
	<test45 '765'>'\n'+
	<test45 '7653'>

test41 e('123')1e(/abc/)2e3 = '{'e1'}{'e2'}{'e3'}'
test42 e('123')1e('123')2e('123')3   = '{'e1'}{'e2'}{'e3'}'
test43 e('123')1e2e('123')3 = '{'e1'}{'e2'}{'e3'}'
test44 e('1235')1e('123')2 = '{'e1'}{'e2'}'
test45 e1e('123')2e('56')3 = '{'e1'}{'e2'}{'e3'}'

*-------------------------------------------------

go5 = <test5 ('abcd')'xx47'>

test5
	('ab'eCeD)eAeB'47' = '{'eA'}{'eB'}{'eC'}{'eD'}'

*-------------------------------------------------
