simple START
	ENTRY go
	EMPTY just_empty_label, simple_empty_label
	
go = <rev /just_empty_label/ /127/ 'abc' /simple_empty_label/ 'def' /943/ >+
	<testQ 'DjkdfkgFRUCBTJZDGFSDIUk7676742oiufgUruefu' /11/ /121/ /247/>+
	<goImpossible>

rev w1e2 = <rev e2>w1
	=	

testQ e(('abcABC')L)x s('abcABC')q e(LD)y e(N)z = sq(ez)(ex)(ey)

goImpossible = <imp1 'ab'<imp2 /1//2//3/>'cd'>

imp1 e1 = e1

imp2 e1 = <imp3 e1>

imp3 R V((W))1 = 'error'
	
	END
